---
source: tests/parser_snapshots.rs
assertion_line: 80
expression: jobs
---
- job_id: "12345"
  array_job_id: ~
  array_task_id: ~
  name: test_job
  user: alice
  partition: debug
  state: Running
  time_limit: "01:00:00"
  time_used: "0:30"
  submit_time: "2024-01-15T10:19:13Z"
  start_time: "2024-01-15T10:19:13Z"
  end_time: ~
  nodes: 1
  node_list: node01
  cpus: 4
  memory: 8G
  working_dir: /home/alice
  std_out: /home/alice/slurm-12345.out
  std_err: /home/alice/slurm-12345.err
  exit_code: 0
  reason: None
- job_id: "12346"
  array_job_id: ~
  array_task_id: ~
  name: another_job
  user: bob
  partition: debug
  state: Pending
  time_limit: "02:00:00"
  time_used: "0:00"
  submit_time: "2024-01-15T10:20:00Z"
  start_time: ~
  end_time: ~
  nodes: 2
  node_list: (null)
  cpus: 8
  memory: 16G
  working_dir: /home/bob
  std_out: /home/bob/slurm-12346.out
  std_err: /home/bob/slurm-12346.err
  exit_code: 0
  reason: Resources
- job_id: "12347"
  array_job_id: ~
  array_task_id: ~
  name: quick_task
  user: alice
  partition: gpu
  state: Running
  time_limit: "01:00:00"
  time_used: "5:23"
  submit_time: "2024-01-15T10:15:00Z"
  start_time: "2024-01-15T10:15:00Z"
  end_time: ~
  nodes: 1
  node_list: node02
  cpus: 2
  memory: 4G
  working_dir: /home/alice
  std_out: /home/alice/slurm-12347.out
  std_err: /home/alice/slurm-12347.err
  exit_code: 0
  reason: None
